<?xml version="1.0" encoding="utf-8"?><testsuites name="pytest tests"><testsuite name="pytest" errors="0" failures="0" skipped="0" tests="6" time="2.616" timestamp="2025-09-15T19:01:01.085756-07:00" hostname="only"><testcase classname="tests.test_llvm_adapter" name="test_adapter_init_and_finalize" time="0.006" /><testcase classname="tests.test_llvm_adapter" name="test_get_fn_addr_invalid_function_raises" time="0.002" /><testcase classname="tests.test_llvm_adapter" name="test_add_module_twice_raises" time="0.002" /><testcase classname="tests.test_llvm_adapter" name="test_finalize_and_dispose_multiple_times_safe" time="0.002" /><testcase classname="tests.test_llvm_adapter" name="test_dispose_before_finalize_safe" time="0.003" /><testcase classname="tests.test_llvm_adapter" name="test_init_with_invalid_module_raises" time="0.001" /></testsuite></testsuites>
